// Jest Snapshot v1, https://goo.gl/fbAQLP

exports[`Test: Add Item Button  1`] = `
<button
  className="bg-blue  text-md   text-white py-2 text-center  space-x-1 items-center   w-full shadow-md hover:shadow-none rounded-full transition duration-300 ease-in focus:outline-none hover:bg-darkBlue px-3  "
  onClick={[Function]}
  type="button"
>
  <span
    className=""
  >
     
    home.addItem
     
  </span>
  <svg
    aria-hidden="true"
    className="svg-inline--fa fa-plus fa-w-14 "
    data-icon="plus"
    data-prefix="fas"
    focusable="false"
    role="img"
    style={Object {}}
    viewBox="0 0 448 512"
    xmlns="http://www.w3.org/2000/svg"
  >
    <path
      d="M416 208H272V64c0-17.67-14.33-32-32-32h-32c-17.67 0-32 14.33-32 32v144H32c-17.67 0-32 14.33-32 32v32c0 17.67 14.33 32 32 32h144v144c0 17.67 14.33 32 32 32h32c17.67 0 32-14.33 32-32V304h144c17.67 0 32-14.33 32-32v-32c0-17.67-14.33-32-32-32z"
      fill="currentColor"
      style={Object {}}
    />
  </svg>
</button>
`;
